
> hedefimbugun@1.0.0 test
> jest src/__tests__/hooks/useStepGardenNative.test.ts --verbose --no-cache

  console.warn
    ProgressBarAndroid has been extracted from react-native core and will be removed in a future release. It can now be installed and imported from '@react-native-community/progress-bar-android' instead of 'react-native'. See https://github.com/react-native-progress-view/progress-bar-android

    [0m [90m 2 |[39m [36mimport[39m { useStepGarden } [36mfrom[39m [32m'../../hooks/useStepGarden'[39m[33m;[39m
     [90m 3 |[39m [36mimport[39m [33mStepCounter[39m [36mfrom[39m [32m'../../native/StepCounter'[39m[33m;[39m
    [31m[1m>[22m[39m[90m 4 |[39m [36mimport[39m { [33mPlatform[39m[33m,[39m [33mPermissionsAndroid[39m } [36mfrom[39m [32m'react-native'[39m[33m;[39m
     [90m   |[39m                                                             [31m[1m^[22m[39m
     [90m 5 |[39m
     [90m 6 |[39m [90m// Mock dependencies[39m
     [90m 7 |[39m jest[33m.[39mmock([32m'../../native/StepCounter'[39m[33m,[39m () [33m=>[39m ({[0m

      at warn (node_modules/react-native/Libraries/Utilities/warnOnce.js:27:11)
      at Object.warnOnce [as ProgressBarAndroid] (node_modules/react-native/index.js:143:5)
      at src/__tests__/hooks/useStepGardenNative.test.ts:4:61
          at Array.forEach (<anonymous>)
      at forEach (src/__tests__/hooks/useStepGardenNative.test.ts:4:61)
      at _objectSpread (src/__tests__/hooks/useStepGardenNative.test.ts:31:5)
      at Object.require (node_modules/@testing-library/react-native/src/helpers/host-component-names.tsx:3:1)
      at Object.require (node_modules/@testing-library/react-native/src/fire-event.ts:11:1)
      at Object.require (node_modules/@testing-library/react-native/src/pure.ts:3:1)
      at Object.require (node_modules/@testing-library/react-native/src/index.ts:1:1)
      at Object.require (src/__tests__/hooks/useStepGardenNative.test.ts:1:1)

  console.warn
    Clipboard has been extracted from react-native core and will be removed in a future release. It can now be installed and imported from '@react-native-clipboard/clipboard' instead of 'react-native'. See https://github.com/react-native-clipboard/clipboard

    [0m [90m 2 |[39m [36mimport[39m { useStepGarden } [36mfrom[39m [32m'../../hooks/useStepGarden'[39m[33m;[39m
     [90m 3 |[39m [36mimport[39m [33mStepCounter[39m [36mfrom[39m [32m'../../native/StepCounter'[39m[33m;[39m
    [31m[1m>[22m[39m[90m 4 |[39m [36mimport[39m { [33mPlatform[39m[33m,[39m [33mPermissionsAndroid[39m } [36mfrom[39m [32m'react-native'[39m[33m;[39m
     [90m   |[39m                                                             [31m[1m^[22m[39m
     [90m 5 |[39m
     [90m 6 |[39m [90m// Mock dependencies[39m
     [90m 7 |[39m jest[33m.[39mmock([32m'../../native/StepCounter'[39m[33m,[39m () [33m=>[39m ({[0m

      at warn (node_modules/react-native/Libraries/Utilities/warnOnce.js:27:11)
      at Object.warnOnce [as Clipboard] (node_modules/react-native/index.js:226:5)
      at src/__tests__/hooks/useStepGardenNative.test.ts:4:61
          at Array.forEach (<anonymous>)
      at forEach (src/__tests__/hooks/useStepGardenNative.test.ts:4:61)
      at _objectSpread (src/__tests__/hooks/useStepGardenNative.test.ts:31:5)
      at Object.require (node_modules/@react-native/virtualized-lists/Lists/VirtualizedSectionList.js:13:1)
      at Object.require [as VirtualizedSectionList] (node_modules/@react-native/virtualized-lists/index.js:46:12)
      at Object.<anonymous> (node_modules/react-native/Libraries/Lists/VirtualizedSectionList.js:16:45)
      at Object.require [as VirtualizedSectionList] (node_modules/react-native/index.js:197:12)
      at src/__tests__/hooks/useStepGardenNative.test.ts:4:61
          at Array.forEach (<anonymous>)
      at forEach (src/__tests__/hooks/useStepGardenNative.test.ts:4:61)
      at _objectSpread (src/__tests__/hooks/useStepGardenNative.test.ts:31:5)
      at Object.require (node_modules/@react-native/virtualized-lists/Lists/VirtualizedList.js:27:1)
      at Object.require [as VirtualizedList] (node_modules/@react-native/virtualized-lists/index.js:43:12)
      at Object.<anonymous> (node_modules/react-native/Libraries/Lists/VirtualizedList.js:16:45)
      at Object.require [as VirtualizedList] (node_modules/react-native/index.js:194:12)
      at src/__tests__/hooks/useStepGardenNative.test.ts:4:61
          at Array.forEach (<anonymous>)
      at forEach (src/__tests__/hooks/useStepGardenNative.test.ts:4:61)
      at _objectSpread (src/__tests__/hooks/useStepGardenNative.test.ts:31:5)
      at Object.require (node_modules/@testing-library/react-native/src/helpers/host-component-names.tsx:3:1)
      at Object.require (node_modules/@testing-library/react-native/src/fire-event.ts:11:1)
      at Object.require (node_modules/@testing-library/react-native/src/pure.ts:3:1)
      at Object.require (node_modules/@testing-library/react-native/src/index.ts:1:1)
      at Object.require (src/__tests__/hooks/useStepGardenNative.test.ts:1:1)

  console.warn
    `new NativeEventEmitter()` was called with a non-null argument without the required `addListener` method.

    [0m [90m 2 |[39m [36mimport[39m { useStepGarden } [36mfrom[39m [32m'../../hooks/useStepGarden'[39m[33m;[39m
     [90m 3 |[39m [36mimport[39m [33mStepCounter[39m [36mfrom[39m [32m'../../native/StepCounter'[39m[33m;[39m
    [31m[1m>[22m[39m[90m 4 |[39m [36mimport[39m { [33mPlatform[39m[33m,[39m [33mPermissionsAndroid[39m } [36mfrom[39m [32m'react-native'[39m[33m;[39m
     [90m   |[39m                                                             [31m[1m^[22m[39m
     [90m 5 |[39m
     [90m 6 |[39m [90m// Mock dependencies[39m
     [90m 7 |[39m jest[33m.[39mmock([32m'../../native/StepCounter'[39m[33m,[39m () [33m=>[39m ({[0m

      at new warn (node_modules/react-native/Libraries/EventEmitter/NativeEventEmitter.js:63:17)
      at Object.<anonymous> (node_modules/react-native/Libraries/Utilities/DevSettings.js:32:19)
      at Object.require [as DevSettings] (node_modules/react-native/index.js:238:12)
      at src/__tests__/hooks/useStepGardenNative.test.ts:4:61
          at Array.forEach (<anonymous>)
      at forEach (src/__tests__/hooks/useStepGardenNative.test.ts:4:61)
      at _objectSpread (src/__tests__/hooks/useStepGardenNative.test.ts:31:5)
      at Object.require (node_modules/@react-native/virtualized-lists/Lists/VirtualizedSectionList.js:13:1)
      at Object.require [as VirtualizedSectionList] (node_modules/@react-native/virtualized-lists/index.js:46:12)
      at Object.<anonymous> (node_modules/react-native/Libraries/Lists/VirtualizedSectionList.js:16:45)
      at Object.require [as VirtualizedSectionList] (node_modules/react-native/index.js:197:12)
      at src/__tests__/hooks/useStepGardenNative.test.ts:4:61
          at Array.forEach (<anonymous>)
      at forEach (src/__tests__/hooks/useStepGardenNative.test.ts:4:61)
      at _objectSpread (src/__tests__/hooks/useStepGardenNative.test.ts:31:5)
      at Object.require (node_modules/@react-native/virtualized-lists/Lists/VirtualizedList.js:27:1)
      at Object.require [as VirtualizedList] (node_modules/@react-native/virtualized-lists/index.js:43:12)
      at Object.<anonymous> (node_modules/react-native/Libraries/Lists/VirtualizedList.js:16:45)
      at Object.require [as VirtualizedList] (node_modules/react-native/index.js:194:12)
      at src/__tests__/hooks/useStepGardenNative.test.ts:4:61
          at Array.forEach (<anonymous>)
      at forEach (src/__tests__/hooks/useStepGardenNative.test.ts:4:61)
      at _objectSpread (src/__tests__/hooks/useStepGardenNative.test.ts:31:5)
      at Object.require (node_modules/@testing-library/react-native/src/helpers/host-component-names.tsx:3:1)
      at Object.require (node_modules/@testing-library/react-native/src/fire-event.ts:11:1)
      at Object.require (node_modules/@testing-library/react-native/src/pure.ts:3:1)
      at Object.require (node_modules/@testing-library/react-native/src/index.ts:1:1)
      at Object.require (src/__tests__/hooks/useStepGardenNative.test.ts:1:1)

  console.warn
    `new NativeEventEmitter()` was called with a non-null argument without the required `removeListeners` method.

    [0m [90m 2 |[39m [36mimport[39m { useStepGarden } [36mfrom[39m [32m'../../hooks/useStepGarden'[39m[33m;[39m
     [90m 3 |[39m [36mimport[39m [33mStepCounter[39m [36mfrom[39m [32m'../../native/StepCounter'[39m[33m;[39m
    [31m[1m>[22m[39m[90m 4 |[39m [36mimport[39m { [33mPlatform[39m[33m,[39m [33mPermissionsAndroid[39m } [36mfrom[39m [32m'react-native'[39m[33m;[39m
     [90m   |[39m                                                             [31m[1m^[22m[39m
     [90m 5 |[39m
     [90m 6 |[39m [90m// Mock dependencies[39m
     [90m 7 |[39m jest[33m.[39mmock([32m'../../native/StepCounter'[39m[33m,[39m () [33m=>[39m ({[0m

      at new warn (node_modules/react-native/Libraries/EventEmitter/NativeEventEmitter.js:68:17)
      at Object.<anonymous> (node_modules/react-native/Libraries/Utilities/DevSettings.js:32:19)
      at Object.require [as DevSettings] (node_modules/react-native/index.js:238:12)
      at src/__tests__/hooks/useStepGardenNative.test.ts:4:61
          at Array.forEach (<anonymous>)
      at forEach (src/__tests__/hooks/useStepGardenNative.test.ts:4:61)
      at _objectSpread (src/__tests__/hooks/useStepGardenNative.test.ts:31:5)
      at Object.require (node_modules/@react-native/virtualized-lists/Lists/VirtualizedSectionList.js:13:1)
      at Object.require [as VirtualizedSectionList] (node_modules/@react-native/virtualized-lists/index.js:46:12)
      at Object.<anonymous> (node_modules/react-native/Libraries/Lists/VirtualizedSectionList.js:16:45)
      at Object.require [as VirtualizedSectionList] (node_modules/react-native/index.js:197:12)
      at src/__tests__/hooks/useStepGardenNative.test.ts:4:61
          at Array.forEach (<anonymous>)
      at forEach (src/__tests__/hooks/useStepGardenNative.test.ts:4:61)
      at _objectSpread (src/__tests__/hooks/useStepGardenNative.test.ts:31:5)
      at Object.require (node_modules/@react-native/virtualized-lists/Lists/VirtualizedList.js:27:1)
      at Object.require [as VirtualizedList] (node_modules/@react-native/virtualized-lists/index.js:43:12)
      at Object.<anonymous> (node_modules/react-native/Libraries/Lists/VirtualizedList.js:16:45)
      at Object.require [as VirtualizedList] (node_modules/react-native/index.js:194:12)
      at src/__tests__/hooks/useStepGardenNative.test.ts:4:61
          at Array.forEach (<anonymous>)
      at forEach (src/__tests__/hooks/useStepGardenNative.test.ts:4:61)
      at _objectSpread (src/__tests__/hooks/useStepGardenNative.test.ts:31:5)
      at Object.require (node_modules/@testing-library/react-native/src/helpers/host-component-names.tsx:3:1)
      at Object.require (node_modules/@testing-library/react-native/src/fire-event.ts:11:1)
      at Object.require (node_modules/@testing-library/react-native/src/pure.ts:3:1)
      at Object.require (node_modules/@testing-library/react-native/src/index.ts:1:1)
      at Object.require (src/__tests__/hooks/useStepGardenNative.test.ts:1:1)

  console.warn
    PushNotificationIOS has been extracted from react-native core and will be removed in a future release. It can now be installed and imported from '@react-native-community/push-notification-ios' instead of 'react-native'. See https://github.com/react-native-push-notification-ios/push-notification-ios

    [0m [90m 2 |[39m [36mimport[39m { useStepGarden } [36mfrom[39m [32m'../../hooks/useStepGarden'[39m[33m;[39m
     [90m 3 |[39m [36mimport[39m [33mStepCounter[39m [36mfrom[39m [32m'../../native/StepCounter'[39m[33m;[39m
    [31m[1m>[22m[39m[90m 4 |[39m [36mimport[39m { [33mPlatform[39m[33m,[39m [33mPermissionsAndroid[39m } [36mfrom[39m [32m'react-native'[39m[33m;[39m
     [90m   |[39m                                                             [31m[1m^[22m[39m
     [90m 5 |[39m
     [90m 6 |[39m [90m// Mock dependencies[39m
     [90m 7 |[39m jest[33m.[39mmock([32m'../../native/StepCounter'[39m[33m,[39m () [33m=>[39m ({[0m

      at warn (node_modules/react-native/Libraries/Utilities/warnOnce.js:27:11)
      at Object.warnOnce [as PushNotificationIOS] (node_modules/react-native/index.js:287:5)
      at src/__tests__/hooks/useStepGardenNative.test.ts:4:61
          at Array.forEach (<anonymous>)
      at forEach (src/__tests__/hooks/useStepGardenNative.test.ts:4:61)
      at _objectSpread (src/__tests__/hooks/useStepGardenNative.test.ts:31:5)
      at Object.require (node_modules/@react-native/virtualized-lists/Lists/VirtualizedSectionList.js:13:1)
      at Object.require [as VirtualizedSectionList] (node_modules/@react-native/virtualized-lists/index.js:46:12)
      at Object.<anonymous> (node_modules/react-native/Libraries/Lists/VirtualizedSectionList.js:16:45)
      at Object.require [as VirtualizedSectionList] (node_modules/react-native/index.js:197:12)
      at src/__tests__/hooks/useStepGardenNative.test.ts:4:61
          at Array.forEach (<anonymous>)
      at forEach (src/__tests__/hooks/useStepGardenNative.test.ts:4:61)
      at _objectSpread (src/__tests__/hooks/useStepGardenNative.test.ts:31:5)
      at Object.require (node_modules/@react-native/virtualized-lists/Lists/VirtualizedList.js:27:1)
      at Object.require [as VirtualizedList] (node_modules/@react-native/virtualized-lists/index.js:43:12)
      at Object.<anonymous> (node_modules/react-native/Libraries/Lists/VirtualizedList.js:16:45)
      at Object.require [as VirtualizedList] (node_modules/react-native/index.js:194:12)
      at src/__tests__/hooks/useStepGardenNative.test.ts:4:61
          at Array.forEach (<anonymous>)
      at forEach (src/__tests__/hooks/useStepGardenNative.test.ts:4:61)
      at _objectSpread (src/__tests__/hooks/useStepGardenNative.test.ts:31:5)
      at Object.require (node_modules/@testing-library/react-native/src/helpers/host-component-names.tsx:3:1)
      at Object.require (node_modules/@testing-library/react-native/src/fire-event.ts:11:1)
      at Object.require (node_modules/@testing-library/react-native/src/pure.ts:3:1)
      at Object.require (node_modules/@testing-library/react-native/src/index.ts:1:1)
      at Object.require (src/__tests__/hooks/useStepGardenNative.test.ts:1:1)

node.exe : FAIL src/__tests__/hooks/useStepGardenNative.test.ts
At line:1 char:1
+ & "C:\Program Files\nodejs/node.exe" "C:\Program Files\nodejs/node_mo ...
+ ~~~~~~~~~~~~~~~~~~~~~~~~~~~~~~~~~~~~~~~~~~~~~~~~~~~~~~~~~~~~~~~~~~~~~
    + CategoryInfo          : NotSpecified: (FAIL src/__test...nNative.test.ts 
   :String) [], RemoteException
    + FullyQualifiedErrorId : NativeCommandError
 
  ÔùÅ Test suite failed to run

    Invariant Violation: TurboModuleRegistry.getEnforcing(...): 'SettingsManage
r' could not be found. Verify that a module by this name is registered in the n
ative binary.

    [0m [90m 2 |[39m [36mimport[39m { useStepGarden } [36mfrom[39m [32m
'../../hooks/useStepGarden'[39m[33m;[39m
     [90m 3 |[39m [36mimport[39m [33mStepCounter[39m [36mfrom[39m [32m
'../../native/StepCounter'[39m[33m;[39m
    [31m[1m>[22m[39m[90m 4 |[39m [36mimport[39m { [33mPlatform[39m[3
3m,[39m [33mPermissionsAndroid[39m } [36mfrom[39m [32m'react-native'[39m
[33m;[39m
     [90m   |[39m                                                            
 [31m[1m^[22m[39m
     [90m 5 |[39m
     [90m 6 |[39m [90m// Mock dependencies[39m
     [90m 7 |[39m jest[33m.[39mmock([32m'../../native/StepCounter'[39m[3
3m,[39m () [33m=>[39m ({[0m

      at invariant (node_modules/invariant/invariant.js:40:15)
      at Object.getEnforcing (node_modules/react-native/Libraries/TurboModule/T
urboModuleRegistry.js:43:12)
      at Object.getEnforcing (node_modules/react-native/Libraries/Settings/Nati
veSettingsManager.js:23:37)
      at Object.require (node_modules/react-native/Libraries/Settings/Settings.
ios.js:12:1)
      at Object.require [as Settings] (node_modules/react-native/index.js:296:1
2)
      at src/__tests__/hooks/useStepGardenNative.test.ts:4:61
          at Array.forEach (<anonymous>)
      at forEach (src/__tests__/hooks/useStepGardenNative.test.ts:4:61)
      at _objectSpread (src/__tests__/hooks/useStepGardenNative.test.ts:31:5)
      at Object.require (node_modules/@react-native/virtualized-lists/Lists/Vir
tualizedSectionList.js:13:1)
      at Object.require [as VirtualizedSectionList] (node_modules/@react-native
/virtualized-lists/index.js:46:12)
      at Object.<anonymous> (node_modules/react-native/Libraries/Lists/Virtuali
zedSectionList.js:16:45)
      at Object.require [as VirtualizedSectionList] (node_modules/react-native/
index.js:197:12)
      at src/__tests__/hooks/useStepGardenNative.test.ts:4:61
          at Array.forEach (<anonymous>)
      at forEach (src/__tests__/hooks/useStepGardenNative.test.ts:4:61)
      at _objectSpread (src/__tests__/hooks/useStepGardenNative.test.ts:31:5)
      at Object.require (node_modules/@react-native/virtualized-lists/Lists/Vir
tualizedList.js:27:1)
      at Object.require [as VirtualizedList] (node_modules/@react-native/virtua
lized-lists/index.js:43:12)
      at Object.<anonymous> (node_modules/react-native/Libraries/Lists/Virtuali
zedList.js:16:45)
      at Object.require [as VirtualizedList] (node_modules/react-native/index.j
s:194:12)
      at src/__tests__/hooks/useStepGardenNative.test.ts:4:61
          at Array.forEach (<anonymous>)
      at forEach (src/__tests__/hooks/useStepGardenNative.test.ts:4:61)
      at _objectSpread (src/__tests__/hooks/useStepGardenNative.test.ts:31:5)
      at Object.require (node_modules/@testing-library/react-native/src/helpers
/host-component-names.tsx:3:1)
      at Object.require (node_modules/@testing-library/react-native/src/fire-ev
ent.ts:11:1)
      at Object.require (node_modules/@testing-library/react-native/src/pure.ts
:3:1)
      at Object.require (node_modules/@testing-library/react-native/src/index.t
s:1:1)
      at Object.require (src/__tests__/hooks/useStepGardenNative.test.ts:1:1)

----------------------------|---------|----------|---------|---------|-------------------
File                        | % Stmts | % Branch | % Funcs | % Lines | Uncovered Line #s 
----------------------------|---------|----------|---------|---------|-------------------
All files                   |       0 |        0 |       0 |       0 |                   
 components                 |       0 |        0 |       0 |       0 |                   
  AnimatedCheckmark.tsx     |       0 |        0 |       0 |       0 | 5-40              
  ErrorBoundary.tsx         |       0 |        0 |       0 |       0 | 18-67             
  ExamCountdownWidget.tsx   |       0 |        0 |       0 |       0 | 8-124             
  HabitItem.tsx             |       0 |        0 |       0 |       0 | 17-134            
  LazyScreen.tsx            |       0 |        0 |       0 |       0 | 4-23              
  SmartAssistantWidget.tsx  |       0 |        0 |       0 |       0 | 7-51              
  StepGardenWidget.tsx      |       0 |        0 |       0 |       0 | 9-214             
 components/navigation      |       0 |        0 |       0 |       0 |                   
  CustomTabBar.tsx          |       0 |        0 |       0 |       0 | 9-89              
 constants                  |       0 |        0 |       0 |       0 |                   
  colors.ts                 |       0 |        0 |       0 |       0 | 1-64              
  keys.ts                   |       0 |      100 |     100 |       0 | 1                 
 context                    |       0 |        0 |       0 |       0 |                   
  HabitContext.tsx          |       0 |        0 |       0 |       0 | 34-369            
 hooks                      |       0 |        0 |       0 |       0 |                   
  useCountdown.ts           |       0 |        0 |       0 |       0 | 12-40             
  useStepGarden.ts          |       0 |        0 |       0 |       0 | 8-254             
 native                     |       0 |        0 |       0 |       0 |                   
  StepCounter.ts            |       0 |        0 |       0 |       0 | 3-44              
 navigation                 |       0 |        0 |       0 |       0 |                   
  RootNavigator.tsx         |       0 |        0 |       0 |       0 | 18-99             
 screens                    |       0 |        0 |       0 |       0 |                   
  AddExamScreen.tsx         |       0 |        0 |       0 |       0 | 12-266            
  AddHabitScreen.tsx        |       0 |        0 |       0 |       0 | 12-245            
  DebugScreen.tsx           |       0 |        0 |       0 |       0 | 11-166            
  ExamsScreen.tsx           |       0 |        0 |       0 |       0 | 10-186            
  HabitDetailScreen.tsx     |       0 |        0 |       0 |       0 | 13-204            
  HomeScreen.tsx            |       0 |        0 |       0 |       0 | 28-384            
  OnboardingGoalsScreen.tsx |       0 |        0 |       0 |       0 | 24-214            
  RegistrationScreen.tsx    |       0 |        0 |       0 |       0 | 24-408            
  SettingsScreen.tsx        |       0 |        0 |       0 |       0 | 12-358            
  StatsScreen.tsx           |       0 |        0 |       0 |       0 | 9-335             
  WelcomeScreen.tsx         |       0 |      100 |       0 |       0 | 9-101             
 types                      |       0 |      100 |     100 |       0 |                   
  exam.ts                   |       0 |      100 |     100 |       0 | 10                
  habit.ts                  |       0 |        0 |       0 |       0 |                   
  user.ts                   |       0 |      100 |     100 |       0 | 22-24             
 utils                      |       0 |        0 |       0 |       0 |                   
  analysis.ts               |       0 |        0 |       0 |       0 | 13-115            
  analytics.ts              |       0 |        0 |       0 |       0 | 21-72             
  crashReporter.ts          |       0 |        0 |       0 |       0 | 5-31              
  examUtils.ts              |       0 |        0 |       0 |       0 | 3-37              
  featureFlags.ts           |       0 |        0 |       0 |       0 | 13-60             
  logger.ts                 |       0 |        0 |       0 |       0 | 11-44             
  migrations.ts             |       0 |        0 |       0 |       0 | 5-57              
  motivation.ts             |       0 |        0 |       0 |       0 | 9-106             
  network.ts                |       0 |        0 |       0 |       0 | 6-71              
  notifications.ts          |       0 |        0 |       0 |       0 | 7-129             
  streak.ts                 |       0 |        0 |       0 |       0 | 1-36              
  suggestions.ts            |       0 |        0 |       0 |       0 | 13-98             
  syncQueue.ts              |       0 |        0 |       0 |       0 | 5-102             
----------------------------|---------|----------|---------|---------|-------------------
Test Suites: 1 failed, 1 total
Tests:       0 total
Snapshots:   0 total
Time:        26.21 s
Ran all test suites matching /src\\__tests__\\hooks\\useStepGardenNative.test.t
s/i.
